// Vitest Snapshot v1, https://vitest.dev/guide/snapshot.html

exports[`Theme > Uses system as default > KeyStore.getKey() 1`] = `undefined`;

exports[`Theme > Uses system as default > Storage.get('MENU_WIDTH') 1`] = `null`;

exports[`Theme > Uses system as default > Storage.get('THEME') 1`] = `null`;

exports[`Theme > Uses system as default > Storage.get('UPDATE_SEEN') 1`] = `null`;

exports[`Theme > Uses system as default > Storage.get('UPDATE_STRATEGY') 1`] = `null`;

exports[`Theme > Uses system as default > Storage.get('USERNAME') 1`] = `null`;

exports[`Theme > Uses system as default > allCalls 1`] = `[]`;

exports[`Theme > Uses system as default > document.body.outerHTML 1`] = `"<body class="theme--system"></body>"`;

exports[`Theme > Uses system as default > mockDb 1`] = `
{
  "deletedNoteIds": Set {},
  "encryptedNotes": [
    {
      "content": "content",
      "id": "2cbe0086-4b6f-466f-9ec0-9a302480da6a",
      "timestamp": 958201892455,
    },
    {
      "content": "content",
      "id": "2e36d871-0de2-43e6-9cbc-3c77e5d154cb",
      "timestamp": 811831863971,
    },
    {
      "content": "content",
      "id": "b8ff4ac5-6541-49d2-9c79-4444d872481e",
      "timestamp": 739056902017,
    },
    {
      "content": "content",
      "id": "6b24cde1-6118-4277-9791-8eab3c71cabb",
      "timestamp": 157836992432,
    },
    {
      "content": "content",
      "id": "ac4e006d-38d4-4373-af31-4a5f46fc5184",
      "timestamp": 1066734006578,
    },
    {
      "content": "content",
      "id": "6fb3ce26-82e0-408f-84bf-bd8cd64c35b2",
      "timestamp": 1642640862249,
    },
    {
      "content": "content",
      "id": "81648517-86ff-4ed9-8bf7-941c32dd0fad",
      "timestamp": 242282290063,
    },
    {
      "content": "content",
      "id": "9a2f52b3-69ac-4158-a9f7-b79ba9dbafd3",
      "timestamp": 550235579146,
    },
    {
      "content": "content",
      "id": "b9754a63-843c-4f59-9aea-9a374aa1603d",
      "timestamp": 1533441892487,
    },
    {
      "content": "content",
      "id": "7a7bccda-3fac-4465-b9c9-8f67dc1b5bdf",
      "timestamp": 1650008403223,
    },
  ],
  "users": {
    "d": "1",
  },
}
`;

exports[`Theme > Uses system as default > noteState 1`] = `
{
  "extraSelectedNotes": [],
  "notes": [],
  "selectedNote": {
    "content": {
      "body": "",
      "delta": {
        "ops": [],
      },
      "title": "",
    },
    "id": "id",
    "timestamp": 0,
  },
}
`;

exports[`Theme > Uses system as default > openedPopup 1`] = `undefined`;

exports[`Theme > Uses system as default > selectedTheme 1`] = `"System"`;

exports[`Theme > Uses system as default > syncState 1`] = `
{
  "appError": AppError {
    "code": 0,
    "display": undefined,
    "message": undefined,
    "originalError": undefined,
    "retry": [Function],
    "retryConfig": undefined,
  },
  "isLoggedIn": false,
  "loadingCount": 0,
  "newPassword": "",
  "password": "",
  "unsyncedNoteIds": UnsyncedNotesManager {
    "deleted": Set {},
    "edited": Set {},
    "new": "",
  },
  "username": "",
}
`;

exports[`Theme > Uses system as default > updateState 1`] = `
{
  "isAvailable": false,
  "isDownloading": false,
  "strategy": "manual",
}
`;

exports[`Theme > setTheme > KeyStore.getKey() 1`] = `undefined`;

exports[`Theme > setTheme > Storage.get('MENU_WIDTH') 1`] = `null`;

exports[`Theme > setTheme > Storage.get('THEME') 1`] = `"Dark"`;

exports[`Theme > setTheme > Storage.get('UPDATE_SEEN') 1`] = `null`;

exports[`Theme > setTheme > Storage.get('UPDATE_STRATEGY') 1`] = `null`;

exports[`Theme > setTheme > Storage.get('USERNAME') 1`] = `null`;

exports[`Theme > setTheme > allCalls 1`] = `[]`;

exports[`Theme > setTheme > document.body.outerHTML 1`] = `"<body class="theme--dark"></body>"`;

exports[`Theme > setTheme > mockDb 1`] = `
{
  "deletedNoteIds": Set {},
  "encryptedNotes": [
    {
      "content": "content",
      "id": "2cbe0086-4b6f-466f-9ec0-9a302480da6a",
      "timestamp": 958201892455,
    },
    {
      "content": "content",
      "id": "2e36d871-0de2-43e6-9cbc-3c77e5d154cb",
      "timestamp": 811831863971,
    },
    {
      "content": "content",
      "id": "b8ff4ac5-6541-49d2-9c79-4444d872481e",
      "timestamp": 739056902017,
    },
    {
      "content": "content",
      "id": "6b24cde1-6118-4277-9791-8eab3c71cabb",
      "timestamp": 157836992432,
    },
    {
      "content": "content",
      "id": "ac4e006d-38d4-4373-af31-4a5f46fc5184",
      "timestamp": 1066734006578,
    },
    {
      "content": "content",
      "id": "6fb3ce26-82e0-408f-84bf-bd8cd64c35b2",
      "timestamp": 1642640862249,
    },
    {
      "content": "content",
      "id": "81648517-86ff-4ed9-8bf7-941c32dd0fad",
      "timestamp": 242282290063,
    },
    {
      "content": "content",
      "id": "9a2f52b3-69ac-4158-a9f7-b79ba9dbafd3",
      "timestamp": 550235579146,
    },
    {
      "content": "content",
      "id": "b9754a63-843c-4f59-9aea-9a374aa1603d",
      "timestamp": 1533441892487,
    },
    {
      "content": "content",
      "id": "7a7bccda-3fac-4465-b9c9-8f67dc1b5bdf",
      "timestamp": 1650008403223,
    },
  ],
  "users": {
    "d": "1",
  },
}
`;

exports[`Theme > setTheme > noteState 1`] = `
{
  "extraSelectedNotes": [],
  "notes": [],
  "selectedNote": {
    "content": {
      "body": "",
      "delta": {
        "ops": [],
      },
      "title": "",
    },
    "id": "id",
    "timestamp": 0,
  },
}
`;

exports[`Theme > setTheme > openedPopup 1`] = `undefined`;

exports[`Theme > setTheme > selectedTheme 1`] = `"Dark"`;

exports[`Theme > setTheme > syncState 1`] = `
{
  "appError": AppError {
    "code": 0,
    "display": undefined,
    "message": undefined,
    "originalError": undefined,
    "retry": [Function],
    "retryConfig": undefined,
  },
  "isLoggedIn": false,
  "loadingCount": 0,
  "newPassword": "",
  "password": "",
  "unsyncedNoteIds": UnsyncedNotesManager {
    "deleted": Set {},
    "edited": Set {},
    "new": "",
  },
  "username": "",
}
`;

exports[`Theme > setTheme > updateState 1`] = `
{
  "isAvailable": false,
  "isDownloading": false,
  "strategy": "manual",
}
`;
