// Vitest Snapshot v1, https://vitest.dev/guide/snapshot.html

exports[`new Note() > KeyStore.getKey() 1`] = `undefined`;

exports[`new Note() > Storage.get('MENU_WIDTH') 1`] = `null`;

exports[`new Note() > Storage.get('THEME') 1`] = `null`;

exports[`new Note() > Storage.get('UPDATE_SEEN') 1`] = `null`;

exports[`new Note() > Storage.get('UPDATE_STRATEGY') 1`] = `null`;

exports[`new Note() > Storage.get('USERNAME') 1`] = `null`;

exports[`new Note() > allCalls 1`] = `[]`;

exports[`new Note() > document.body.outerHTML 1`] = `"<body class="theme--system"></body>"`;

exports[`new Note() > mockDb 1`] = `
{
  "deletedNotes": undefined,
  "encryptedNotes": [],
  "users": {
    "d": "1",
  },
}
`;

exports[`new Note() > noteState 1`] = `
{
  "extraSelectedNotes": [],
  "notes": [],
  "selectedNote": {
    "content": {
      "body": "",
      "delta": {
        "ops": [],
      },
      "title": "",
    },
    "timestamp": 0,
    "uuid": "uuid",
  },
}
`;

exports[`new Note() > openedPopup 1`] = `undefined`;

exports[`new Note() > selectedTheme 1`] = `"System"`;

exports[`new Note() > syncState 1`] = `
{
  "appError": AppError {
    "code": 0,
    "display": undefined,
    "message": undefined,
    "originalError": undefined,
    "retry": [Function],
    "retryConfig": undefined,
  },
  "encryptedNotesCache": Map {},
  "isLoggedIn": false,
  "loadingCount": 0,
  "newPassword": "",
  "password": "",
  "unsyncedNotes": UnsyncedNotesManager {
    "deleted": [],
    "edited": Set {},
    "new": "",
  },
  "username": "",
}
`;

exports[`new Note() > updateState 1`] = `
{
  "isAvailable": false,
  "isDownloading": false,
  "strategy": "manual",
}
`;
