// Vitest Snapshot v1, https://vitest.dev/guide/snapshot.html

exports[`DropMenu > Adds classes to items > KeyStore.getKey() 1`] = `undefined`;

exports[`DropMenu > Adds classes to items > Storage.get('MENU_WIDTH') 1`] = `null`;

exports[`DropMenu > Adds classes to items > Storage.get('THEME') 1`] = `null`;

exports[`DropMenu > Adds classes to items > Storage.get('UPDATE_SEEN') 1`] = `null`;

exports[`DropMenu > Adds classes to items > Storage.get('UPDATE_STRATEGY') 1`] = `null`;

exports[`DropMenu > Adds classes to items > Storage.get('USERNAME') 1`] = `null`;

exports[`DropMenu > Adds classes to items > allCalls 1`] = `[]`;

exports[`DropMenu > Adds classes to items > document.body.outerHTML 1`] = `"<body class="theme--system"></body>"`;

exports[`DropMenu > Adds classes to items > mockDb 1`] = `
{
  "encryptedNotes": 10,
  "users": {
    "d": "1",
  },
}
`;

exports[`DropMenu > Adds classes to items > noteState 1`] = `
{
  "extraSelectedNotes": [],
  "notes": [],
  "selectedNote": {
    "content": {
      "body": "",
      "delta": {
        "ops": [],
      },
      "title": "",
    },
    "id": "id",
    "timestamp": 0,
  },
}
`;

exports[`DropMenu > Adds classes to items > openedPopup 1`] = `undefined`;

exports[`DropMenu > Adds classes to items > selectedTheme 1`] = `"System"`;

exports[`DropMenu > Adds classes to items > syncState 1`] = `
{
  "appError": AppError {
    "code": 0,
    "display": undefined,
    "message": undefined,
    "originalError": undefined,
    "retry": [Function],
    "retryConfig": undefined,
  },
  "isLoggedIn": false,
  "loadingCount": 0,
  "newPassword": "",
  "password": "",
  "unsyncedNoteIds": {
    "clear": [Function],
    "deleted": Set {},
    "edited": Set {},
    "new": "",
    "set": [Function],
    "size": 0,
    "store": [Function],
  },
  "username": "",
}
`;

exports[`DropMenu > Adds classes to items > updateState 1`] = `
{
  "isAvailable": false,
  "isDownloading": false,
  "strategy": "manual",
}
`;

exports[`DropMenu > Adds click handlers to items > KeyStore.getKey() 1`] = `undefined`;

exports[`DropMenu > Adds click handlers to items > Storage.get('MENU_WIDTH') 1`] = `null`;

exports[`DropMenu > Adds click handlers to items > Storage.get('THEME') 1`] = `null`;

exports[`DropMenu > Adds click handlers to items > Storage.get('UPDATE_SEEN') 1`] = `null`;

exports[`DropMenu > Adds click handlers to items > Storage.get('UPDATE_STRATEGY') 1`] = `null`;

exports[`DropMenu > Adds click handlers to items > Storage.get('USERNAME') 1`] = `null`;

exports[`DropMenu > Adds click handlers to items > allCalls 1`] = `[]`;

exports[`DropMenu > Adds click handlers to items > document.body.outerHTML 1`] = `"<body class="theme--system"></body>"`;

exports[`DropMenu > Adds click handlers to items > mockDb 1`] = `
{
  "encryptedNotes": 10,
  "users": {
    "d": "1",
  },
}
`;

exports[`DropMenu > Adds click handlers to items > noteState 1`] = `
{
  "extraSelectedNotes": [],
  "notes": [],
  "selectedNote": {
    "content": {
      "body": "",
      "delta": {
        "ops": [],
      },
      "title": "",
    },
    "id": "id",
    "timestamp": 0,
  },
}
`;

exports[`DropMenu > Adds click handlers to items > openedPopup 1`] = `undefined`;

exports[`DropMenu > Adds click handlers to items > selectedTheme 1`] = `"System"`;

exports[`DropMenu > Adds click handlers to items > syncState 1`] = `
{
  "appError": AppError {
    "code": 0,
    "display": undefined,
    "message": undefined,
    "originalError": undefined,
    "retry": [Function],
    "retryConfig": undefined,
  },
  "isLoggedIn": false,
  "loadingCount": 0,
  "newPassword": "",
  "password": "",
  "unsyncedNoteIds": {
    "clear": [Function],
    "deleted": Set {},
    "edited": Set {},
    "new": "",
    "set": [Function],
    "size": 0,
    "store": [Function],
  },
  "username": "",
}
`;

exports[`DropMenu > Adds click handlers to items > updateState 1`] = `
{
  "isAvailable": false,
  "isDownloading": false,
  "strategy": "manual",
}
`;

exports[`DropMenu > Emits close on click > KeyStore.getKey() 1`] = `undefined`;

exports[`DropMenu > Emits close on click > Storage.get('MENU_WIDTH') 1`] = `null`;

exports[`DropMenu > Emits close on click > Storage.get('THEME') 1`] = `null`;

exports[`DropMenu > Emits close on click > Storage.get('UPDATE_SEEN') 1`] = `null`;

exports[`DropMenu > Emits close on click > Storage.get('UPDATE_STRATEGY') 1`] = `null`;

exports[`DropMenu > Emits close on click > Storage.get('USERNAME') 1`] = `null`;

exports[`DropMenu > Emits close on click > allCalls 1`] = `[]`;

exports[`DropMenu > Emits close on click > document.body.outerHTML 1`] = `"<body class="theme--system"></body>"`;

exports[`DropMenu > Emits close on click > mockDb 1`] = `
{
  "encryptedNotes": 10,
  "users": {
    "d": "1",
  },
}
`;

exports[`DropMenu > Emits close on click > noteState 1`] = `
{
  "extraSelectedNotes": [],
  "notes": [],
  "selectedNote": {
    "content": {
      "body": "",
      "delta": {
        "ops": [],
      },
      "title": "",
    },
    "id": "id",
    "timestamp": 0,
  },
}
`;

exports[`DropMenu > Emits close on click > openedPopup 1`] = `undefined`;

exports[`DropMenu > Emits close on click > selectedTheme 1`] = `"System"`;

exports[`DropMenu > Emits close on click > syncState 1`] = `
{
  "appError": AppError {
    "code": 0,
    "display": undefined,
    "message": undefined,
    "originalError": undefined,
    "retry": [Function],
    "retryConfig": undefined,
  },
  "isLoggedIn": false,
  "loadingCount": 0,
  "newPassword": "",
  "password": "",
  "unsyncedNoteIds": {
    "clear": [Function],
    "deleted": Set {},
    "edited": Set {},
    "new": "",
    "set": [Function],
    "size": 0,
    "store": [Function],
  },
  "username": "",
}
`;

exports[`DropMenu > Emits close on click > updateState 1`] = `
{
  "isAvailable": false,
  "isDownloading": false,
  "strategy": "manual",
}
`;

exports[`DropMenu > Handles sub-menus > KeyStore.getKey() 1`] = `undefined`;

exports[`DropMenu > Handles sub-menus > Storage.get('MENU_WIDTH') 1`] = `null`;

exports[`DropMenu > Handles sub-menus > Storage.get('THEME') 1`] = `null`;

exports[`DropMenu > Handles sub-menus > Storage.get('UPDATE_SEEN') 1`] = `null`;

exports[`DropMenu > Handles sub-menus > Storage.get('UPDATE_STRATEGY') 1`] = `null`;

exports[`DropMenu > Handles sub-menus > Storage.get('USERNAME') 1`] = `null`;

exports[`DropMenu > Handles sub-menus > allCalls 1`] = `[]`;

exports[`DropMenu > Handles sub-menus > document.body.outerHTML 1`] = `"<body class="theme--system"></body>"`;

exports[`DropMenu > Handles sub-menus > mockDb 1`] = `
{
  "encryptedNotes": 10,
  "users": {
    "d": "1",
  },
}
`;

exports[`DropMenu > Handles sub-menus > noteState 1`] = `
{
  "extraSelectedNotes": [],
  "notes": [],
  "selectedNote": {
    "content": {
      "body": "",
      "delta": {
        "ops": [],
      },
      "title": "",
    },
    "id": "id",
    "timestamp": 0,
  },
}
`;

exports[`DropMenu > Handles sub-menus > openedPopup 1`] = `undefined`;

exports[`DropMenu > Handles sub-menus > selectedTheme 1`] = `"System"`;

exports[`DropMenu > Handles sub-menus > syncState 1`] = `
{
  "appError": AppError {
    "code": 0,
    "display": undefined,
    "message": undefined,
    "originalError": undefined,
    "retry": [Function],
    "retryConfig": undefined,
  },
  "isLoggedIn": false,
  "loadingCount": 0,
  "newPassword": "",
  "password": "",
  "unsyncedNoteIds": {
    "clear": [Function],
    "deleted": Set {},
    "edited": Set {},
    "new": "",
    "set": [Function],
    "size": 0,
    "store": [Function],
  },
  "username": "",
}
`;

exports[`DropMenu > Handles sub-menus > updateState 1`] = `
{
  "isAvailable": false,
  "isDownloading": false,
  "strategy": "manual",
}
`;

exports[`DropMenu > Mounts > KeyStore.getKey() 1`] = `undefined`;

exports[`DropMenu > Mounts > Storage.get('MENU_WIDTH') 1`] = `null`;

exports[`DropMenu > Mounts > Storage.get('THEME') 1`] = `null`;

exports[`DropMenu > Mounts > Storage.get('UPDATE_SEEN') 1`] = `null`;

exports[`DropMenu > Mounts > Storage.get('UPDATE_STRATEGY') 1`] = `null`;

exports[`DropMenu > Mounts > Storage.get('USERNAME') 1`] = `null`;

exports[`DropMenu > Mounts > allCalls 1`] = `[]`;

exports[`DropMenu > Mounts > document.body.outerHTML 1`] = `"<body class="theme--system"></body>"`;

exports[`DropMenu > Mounts > mockDb 1`] = `
{
  "encryptedNotes": 10,
  "users": {
    "d": "1",
  },
}
`;

exports[`DropMenu > Mounts > noteState 1`] = `
{
  "extraSelectedNotes": [],
  "notes": [],
  "selectedNote": {
    "content": {
      "body": "",
      "delta": {
        "ops": [],
      },
      "title": "",
    },
    "id": "id",
    "timestamp": 0,
  },
}
`;

exports[`DropMenu > Mounts > openedPopup 1`] = `undefined`;

exports[`DropMenu > Mounts > selectedTheme 1`] = `"System"`;

exports[`DropMenu > Mounts > syncState 1`] = `
{
  "appError": AppError {
    "code": 0,
    "display": undefined,
    "message": undefined,
    "originalError": undefined,
    "retry": [Function],
    "retryConfig": undefined,
  },
  "isLoggedIn": false,
  "loadingCount": 0,
  "newPassword": "",
  "password": "",
  "unsyncedNoteIds": {
    "clear": [Function],
    "deleted": Set {},
    "edited": Set {},
    "new": "",
    "set": [Function],
    "size": 0,
    "store": [Function],
  },
  "username": "",
}
`;

exports[`DropMenu > Mounts > updateState 1`] = `
{
  "isAvailable": false,
  "isDownloading": false,
  "strategy": "manual",
}
`;

exports[`DropMenu > Renders each item > KeyStore.getKey() 1`] = `undefined`;

exports[`DropMenu > Renders each item > Storage.get('MENU_WIDTH') 1`] = `null`;

exports[`DropMenu > Renders each item > Storage.get('THEME') 1`] = `null`;

exports[`DropMenu > Renders each item > Storage.get('UPDATE_SEEN') 1`] = `null`;

exports[`DropMenu > Renders each item > Storage.get('UPDATE_STRATEGY') 1`] = `null`;

exports[`DropMenu > Renders each item > Storage.get('USERNAME') 1`] = `null`;

exports[`DropMenu > Renders each item > allCalls 1`] = `[]`;

exports[`DropMenu > Renders each item > document.body.outerHTML 1`] = `"<body class="theme--system"></body>"`;

exports[`DropMenu > Renders each item > mockDb 1`] = `
{
  "encryptedNotes": 10,
  "users": {
    "d": "1",
  },
}
`;

exports[`DropMenu > Renders each item > noteState 1`] = `
{
  "extraSelectedNotes": [],
  "notes": [],
  "selectedNote": {
    "content": {
      "body": "",
      "delta": {
        "ops": [],
      },
      "title": "",
    },
    "id": "id",
    "timestamp": 0,
  },
}
`;

exports[`DropMenu > Renders each item > openedPopup 1`] = `undefined`;

exports[`DropMenu > Renders each item > selectedTheme 1`] = `"System"`;

exports[`DropMenu > Renders each item > syncState 1`] = `
{
  "appError": AppError {
    "code": 0,
    "display": undefined,
    "message": undefined,
    "originalError": undefined,
    "retry": [Function],
    "retryConfig": undefined,
  },
  "isLoggedIn": false,
  "loadingCount": 0,
  "newPassword": "",
  "password": "",
  "unsyncedNoteIds": {
    "clear": [Function],
    "deleted": Set {},
    "edited": Set {},
    "new": "",
    "set": [Function],
    "size": 0,
    "store": [Function],
  },
  "username": "",
}
`;

exports[`DropMenu > Renders each item > updateState 1`] = `
{
  "isAvailable": false,
  "isDownloading": false,
  "strategy": "manual",
}
`;
