// Vitest Snapshot v1, https://vitest.dev/guide/snapshot.html

exports[`storage > clear > KeyStore.getKey() 1`] = `undefined`;

exports[`storage > clear > allCalls 1`] = `[]`;

exports[`storage > clear > document.body.outerHTML 1`] = `"<body class="theme--system"></body>"`;

exports[`storage > clear > mockDb 1`] = `
{
  "encryptedNotes": 10,
  "users": {
    "d": "1",
  },
}
`;

exports[`storage > clear > noteState 1`] = `
{
  "extraSelectedNotes": [],
  "notes": [],
  "selectedNote": {
    "content": {
      "body": "",
      "delta": {
        "ops": [],
      },
      "title": "",
    },
    "id": "id",
    "timestamp": 0,
  },
}
`;

exports[`storage > clear > openedPopup 1`] = `undefined`;

exports[`storage > clear > selectedTheme 1`] = `"System"`;

exports[`storage > clear > storage.get('MENU_WIDTH') 1`] = `null`;

exports[`storage > clear > storage.get('THEME') 1`] = `null`;

exports[`storage > clear > storage.get('UPDATE_SEEN') 1`] = `null`;

exports[`storage > clear > storage.get('UPDATE_STRATEGY') 1`] = `null`;

exports[`storage > clear > storage.get('USERNAME') 1`] = `null`;

exports[`storage > clear > syncState 1`] = `
{
  "appError": AppError {
    "code": 0,
    "display": undefined,
    "message": undefined,
    "retry": [Function],
    "retryConfig": undefined,
  },
  "isLoading": false,
  "isLoggedIn": false,
  "isLogin": true,
  "newPassword": "",
  "password": "",
  "unsyncedNoteIds": {
    "add": [Function],
    "clear": [Function],
    "deleted": Set {},
    "edited": Set {},
    "new": "",
    "size": 0,
  },
  "username": "",
}
`;

exports[`storage > clear > updateState 1`] = `
{
  "isAvailable": false,
  "isDownloading": false,
  "strategy": "manual",
}
`;

exports[`storage > get/set > KeyStore.getKey() 1`] = `undefined`;

exports[`storage > get/set > allCalls 1`] = `[]`;

exports[`storage > get/set > document.body.outerHTML 1`] = `"<body class="theme--system"></body>"`;

exports[`storage > get/set > mockDb 1`] = `
{
  "encryptedNotes": 10,
  "users": {
    "d": "1",
  },
}
`;

exports[`storage > get/set > noteState 1`] = `
{
  "extraSelectedNotes": [],
  "notes": [],
  "selectedNote": {
    "content": {
      "body": "",
      "delta": {
        "ops": [],
      },
      "title": "",
    },
    "id": "id",
    "timestamp": 0,
  },
}
`;

exports[`storage > get/set > openedPopup 1`] = `undefined`;

exports[`storage > get/set > selectedTheme 1`] = `"System"`;

exports[`storage > get/set > storage.get('MENU_WIDTH') 1`] = `null`;

exports[`storage > get/set > storage.get('THEME') 1`] = `null`;

exports[`storage > get/set > storage.get('UPDATE_SEEN') 1`] = `null`;

exports[`storage > get/set > storage.get('UPDATE_STRATEGY') 1`] = `null`;

exports[`storage > get/set > storage.get('USERNAME') 1`] = `"d"`;

exports[`storage > get/set > syncState 1`] = `
{
  "appError": AppError {
    "code": 0,
    "display": undefined,
    "message": undefined,
    "retry": [Function],
    "retryConfig": undefined,
  },
  "isLoading": false,
  "isLoggedIn": false,
  "isLogin": true,
  "newPassword": "",
  "password": "",
  "unsyncedNoteIds": {
    "add": [Function],
    "clear": [Function],
    "deleted": Set {},
    "edited": Set {},
    "new": "",
    "size": 0,
  },
  "username": "",
}
`;

exports[`storage > get/set > updateState 1`] = `
{
  "isAvailable": false,
  "isDownloading": false,
  "strategy": "manual",
}
`;

exports[`storage > remove > KeyStore.getKey() 1`] = `undefined`;

exports[`storage > remove > allCalls 1`] = `[]`;

exports[`storage > remove > document.body.outerHTML 1`] = `"<body class="theme--system"></body>"`;

exports[`storage > remove > mockDb 1`] = `
{
  "encryptedNotes": 10,
  "users": {
    "d": "1",
  },
}
`;

exports[`storage > remove > noteState 1`] = `
{
  "extraSelectedNotes": [],
  "notes": [],
  "selectedNote": {
    "content": {
      "body": "",
      "delta": {
        "ops": [],
      },
      "title": "",
    },
    "id": "id",
    "timestamp": 0,
  },
}
`;

exports[`storage > remove > openedPopup 1`] = `undefined`;

exports[`storage > remove > selectedTheme 1`] = `"System"`;

exports[`storage > remove > storage.get('MENU_WIDTH') 1`] = `null`;

exports[`storage > remove > storage.get('THEME') 1`] = `null`;

exports[`storage > remove > storage.get('UPDATE_SEEN') 1`] = `null`;

exports[`storage > remove > storage.get('UPDATE_STRATEGY') 1`] = `null`;

exports[`storage > remove > storage.get('USERNAME') 1`] = `null`;

exports[`storage > remove > syncState 1`] = `
{
  "appError": AppError {
    "code": 0,
    "display": undefined,
    "message": undefined,
    "retry": [Function],
    "retryConfig": undefined,
  },
  "isLoading": false,
  "isLoggedIn": false,
  "isLogin": true,
  "newPassword": "",
  "password": "",
  "unsyncedNoteIds": {
    "add": [Function],
    "clear": [Function],
    "deleted": Set {},
    "edited": Set {},
    "new": "",
    "size": 0,
  },
  "username": "",
}
`;

exports[`storage > remove > updateState 1`] = `
{
  "isAvailable": false,
  "isDownloading": false,
  "strategy": "manual",
}
`;

exports[`storage > setJson/getJson > KeyStore.getKey() 1`] = `undefined`;

exports[`storage > setJson/getJson > allCalls 1`] = `[]`;

exports[`storage > setJson/getJson > document.body.outerHTML 1`] = `"<body class="theme--system"></body>"`;

exports[`storage > setJson/getJson > mockDb 1`] = `
{
  "encryptedNotes": 10,
  "users": {
    "d": "1",
  },
}
`;

exports[`storage > setJson/getJson > noteState 1`] = `
{
  "extraSelectedNotes": [],
  "notes": [],
  "selectedNote": {
    "content": {
      "body": "",
      "delta": {
        "ops": [],
      },
      "title": "",
    },
    "id": "id",
    "timestamp": 0,
  },
}
`;

exports[`storage > setJson/getJson > openedPopup 1`] = `undefined`;

exports[`storage > setJson/getJson > selectedTheme 1`] = `"System"`;

exports[`storage > setJson/getJson > storage.get('MENU_WIDTH') 1`] = `null`;

exports[`storage > setJson/getJson > storage.get('THEME') 1`] = `null`;

exports[`storage > setJson/getJson > storage.get('UPDATE_SEEN') 1`] = `null`;

exports[`storage > setJson/getJson > storage.get('UPDATE_STRATEGY') 1`] = `null`;

exports[`storage > setJson/getJson > storage.get('USERNAME') 1`] = `null`;

exports[`storage > setJson/getJson > syncState 1`] = `
{
  "appError": AppError {
    "code": 0,
    "display": undefined,
    "message": undefined,
    "retry": [Function],
    "retryConfig": undefined,
  },
  "isLoading": false,
  "isLoggedIn": false,
  "isLogin": true,
  "newPassword": "",
  "password": "",
  "unsyncedNoteIds": {
    "add": [Function],
    "clear": [Function],
    "deleted": Set {},
    "edited": Set {},
    "new": "",
    "size": 0,
  },
  "username": "",
}
`;

exports[`storage > setJson/getJson > updateState 1`] = `
{
  "isAvailable": false,
  "isDownloading": false,
  "strategy": "manual",
}
`;
