// Vitest Snapshot v1, https://vitest.dev/guide/snapshot.html

exports[`Utils > Tauri API wrappers > tauriEmit > KeyStore.getKey() 1`] = `undefined`;

exports[`Utils > Tauri API wrappers > tauriEmit > Storage.get('MENU_WIDTH') 1`] = `null`;

exports[`Utils > Tauri API wrappers > tauriEmit > Storage.get('THEME') 1`] = `null`;

exports[`Utils > Tauri API wrappers > tauriEmit > Storage.get('UPDATE_SEEN') 1`] = `null`;

exports[`Utils > Tauri API wrappers > tauriEmit > Storage.get('UPDATE_STRATEGY') 1`] = `null`;

exports[`Utils > Tauri API wrappers > tauriEmit > Storage.get('USERNAME') 1`] = `null`;

exports[`Utils > Tauri API wrappers > tauriEmit > allCalls 1`] = `
[
  [
    "emits",
    {
      "calledWith": {
        "data": {
          "is_logged_in": false,
        },
        "isFrontendEmit": true,
      },
      "name": "auth",
    },
  ],
]
`;

exports[`Utils > Tauri API wrappers > tauriEmit > document.body.outerHTML 1`] = `"<body class="theme--system"></body>"`;

exports[`Utils > Tauri API wrappers > tauriEmit > mockDb 1`] = `
{
  "deletedNoteIds": Set {},
  "encryptedNotes": [
    {
      "content": "content",
      "id": "2cbe0086-4b6f-466f-9ec0-9a302480da6a",
      "timestamp": 958201892455,
    },
    {
      "content": "content",
      "id": "2e36d871-0de2-43e6-9cbc-3c77e5d154cb",
      "timestamp": 811831863971,
    },
    {
      "content": "content",
      "id": "b8ff4ac5-6541-49d2-9c79-4444d872481e",
      "timestamp": 739056902017,
    },
    {
      "content": "content",
      "id": "6b24cde1-6118-4277-9791-8eab3c71cabb",
      "timestamp": 157836992432,
    },
    {
      "content": "content",
      "id": "ac4e006d-38d4-4373-af31-4a5f46fc5184",
      "timestamp": 1066734006578,
    },
    {
      "content": "content",
      "id": "6fb3ce26-82e0-408f-84bf-bd8cd64c35b2",
      "timestamp": 1642640862249,
    },
    {
      "content": "content",
      "id": "81648517-86ff-4ed9-8bf7-941c32dd0fad",
      "timestamp": 242282290063,
    },
    {
      "content": "content",
      "id": "9a2f52b3-69ac-4158-a9f7-b79ba9dbafd3",
      "timestamp": 550235579146,
    },
    {
      "content": "content",
      "id": "b9754a63-843c-4f59-9aea-9a374aa1603d",
      "timestamp": 1533441892487,
    },
    {
      "content": "content",
      "id": "7a7bccda-3fac-4465-b9c9-8f67dc1b5bdf",
      "timestamp": 1650008403223,
    },
  ],
  "users": {
    "d": "1",
  },
}
`;

exports[`Utils > Tauri API wrappers > tauriEmit > noteState 1`] = `
{
  "extraSelectedNotes": [],
  "notes": [],
  "selectedNote": {
    "content": {
      "body": "",
      "delta": {
        "ops": [],
      },
      "title": "",
    },
    "id": "id",
    "timestamp": 0,
  },
}
`;

exports[`Utils > Tauri API wrappers > tauriEmit > openedPopup 1`] = `undefined`;

exports[`Utils > Tauri API wrappers > tauriEmit > selectedTheme 1`] = `"System"`;

exports[`Utils > Tauri API wrappers > tauriEmit > syncState 1`] = `
{
  "appError": AppError {
    "code": 0,
    "display": undefined,
    "message": undefined,
    "originalError": undefined,
    "retry": [Function],
    "retryConfig": undefined,
  },
  "isLoggedIn": false,
  "loadingCount": 0,
  "newPassword": "",
  "password": "",
  "unsyncedNoteIds": UnsyncedNotesManager {
    "deleted": Set {},
    "edited": Set {},
    "new": "",
  },
  "username": "",
}
`;

exports[`Utils > Tauri API wrappers > tauriEmit > updateState 1`] = `
{
  "isAvailable": false,
  "isDownloading": false,
  "strategy": "manual",
}
`;

exports[`Utils > Tauri API wrappers > tauriInvoke > KeyStore.getKey() 1`] = `undefined`;

exports[`Utils > Tauri API wrappers > tauriInvoke > Storage.get('MENU_WIDTH') 1`] = `null`;

exports[`Utils > Tauri API wrappers > tauriInvoke > Storage.get('THEME') 1`] = `null`;

exports[`Utils > Tauri API wrappers > tauriInvoke > Storage.get('UPDATE_SEEN') 1`] = `null`;

exports[`Utils > Tauri API wrappers > tauriInvoke > Storage.get('UPDATE_STRATEGY') 1`] = `null`;

exports[`Utils > Tauri API wrappers > tauriInvoke > Storage.get('USERNAME') 1`] = `null`;

exports[`Utils > Tauri API wrappers > tauriInvoke > allCalls 1`] = `
[
  [
    "invoke",
    {
      "calledWith": {
        "id": "id",
      },
      "name": "delete_note",
    },
  ],
  [
    "invoke",
    {
      "calledWith": {},
      "name": "get_all_notes",
    },
  ],
]
`;

exports[`Utils > Tauri API wrappers > tauriInvoke > document.body.outerHTML 1`] = `"<body class="theme--system"></body>"`;

exports[`Utils > Tauri API wrappers > tauriInvoke > mockDb 1`] = `
{
  "deletedNoteIds": Set {},
  "encryptedNotes": [
    {
      "content": "content",
      "id": "2cbe0086-4b6f-466f-9ec0-9a302480da6a",
      "timestamp": 958201892455,
    },
    {
      "content": "content",
      "id": "2e36d871-0de2-43e6-9cbc-3c77e5d154cb",
      "timestamp": 811831863971,
    },
    {
      "content": "content",
      "id": "b8ff4ac5-6541-49d2-9c79-4444d872481e",
      "timestamp": 739056902017,
    },
    {
      "content": "content",
      "id": "6b24cde1-6118-4277-9791-8eab3c71cabb",
      "timestamp": 157836992432,
    },
    {
      "content": "content",
      "id": "ac4e006d-38d4-4373-af31-4a5f46fc5184",
      "timestamp": 1066734006578,
    },
    {
      "content": "content",
      "id": "6fb3ce26-82e0-408f-84bf-bd8cd64c35b2",
      "timestamp": 1642640862249,
    },
    {
      "content": "content",
      "id": "81648517-86ff-4ed9-8bf7-941c32dd0fad",
      "timestamp": 242282290063,
    },
    {
      "content": "content",
      "id": "9a2f52b3-69ac-4158-a9f7-b79ba9dbafd3",
      "timestamp": 550235579146,
    },
    {
      "content": "content",
      "id": "b9754a63-843c-4f59-9aea-9a374aa1603d",
      "timestamp": 1533441892487,
    },
    {
      "content": "content",
      "id": "7a7bccda-3fac-4465-b9c9-8f67dc1b5bdf",
      "timestamp": 1650008403223,
    },
  ],
  "users": {
    "d": "1",
  },
}
`;

exports[`Utils > Tauri API wrappers > tauriInvoke > noteState 1`] = `
{
  "extraSelectedNotes": [],
  "notes": [],
  "selectedNote": {
    "content": {
      "body": "",
      "delta": {
        "ops": [],
      },
      "title": "",
    },
    "id": "id",
    "timestamp": 0,
  },
}
`;

exports[`Utils > Tauri API wrappers > tauriInvoke > openedPopup 1`] = `undefined`;

exports[`Utils > Tauri API wrappers > tauriInvoke > selectedTheme 1`] = `"System"`;

exports[`Utils > Tauri API wrappers > tauriInvoke > syncState 1`] = `
{
  "appError": AppError {
    "code": 0,
    "display": undefined,
    "message": undefined,
    "originalError": undefined,
    "retry": [Function],
    "retryConfig": undefined,
  },
  "isLoggedIn": false,
  "loadingCount": 0,
  "newPassword": "",
  "password": "",
  "unsyncedNoteIds": UnsyncedNotesManager {
    "deleted": Set {},
    "edited": Set {},
    "new": "",
  },
  "username": "",
}
`;

exports[`Utils > Tauri API wrappers > tauriInvoke > updateState 1`] = `
{
  "isAvailable": false,
  "isDownloading": false,
  "strategy": "manual",
}
`;

exports[`Utils > Tauri API wrappers > tauriListen > KeyStore.getKey() 1`] = `undefined`;

exports[`Utils > Tauri API wrappers > tauriListen > Storage.get('MENU_WIDTH') 1`] = `null`;

exports[`Utils > Tauri API wrappers > tauriListen > Storage.get('THEME') 1`] = `null`;

exports[`Utils > Tauri API wrappers > tauriListen > Storage.get('UPDATE_SEEN') 1`] = `null`;

exports[`Utils > Tauri API wrappers > tauriListen > Storage.get('UPDATE_STRATEGY') 1`] = `null`;

exports[`Utils > Tauri API wrappers > tauriListen > Storage.get('USERNAME') 1`] = `null`;

exports[`Utils > Tauri API wrappers > tauriListen > allCalls 1`] = `
[
  [
    "listeners",
    {
      "name": "login",
    },
  ],
]
`;

exports[`Utils > Tauri API wrappers > tauriListen > document.body.outerHTML 1`] = `"<body class="theme--system"></body>"`;

exports[`Utils > Tauri API wrappers > tauriListen > mockDb 1`] = `
{
  "deletedNoteIds": Set {},
  "encryptedNotes": [
    {
      "content": "content",
      "id": "2cbe0086-4b6f-466f-9ec0-9a302480da6a",
      "timestamp": 958201892455,
    },
    {
      "content": "content",
      "id": "2e36d871-0de2-43e6-9cbc-3c77e5d154cb",
      "timestamp": 811831863971,
    },
    {
      "content": "content",
      "id": "b8ff4ac5-6541-49d2-9c79-4444d872481e",
      "timestamp": 739056902017,
    },
    {
      "content": "content",
      "id": "6b24cde1-6118-4277-9791-8eab3c71cabb",
      "timestamp": 157836992432,
    },
    {
      "content": "content",
      "id": "ac4e006d-38d4-4373-af31-4a5f46fc5184",
      "timestamp": 1066734006578,
    },
    {
      "content": "content",
      "id": "6fb3ce26-82e0-408f-84bf-bd8cd64c35b2",
      "timestamp": 1642640862249,
    },
    {
      "content": "content",
      "id": "81648517-86ff-4ed9-8bf7-941c32dd0fad",
      "timestamp": 242282290063,
    },
    {
      "content": "content",
      "id": "9a2f52b3-69ac-4158-a9f7-b79ba9dbafd3",
      "timestamp": 550235579146,
    },
    {
      "content": "content",
      "id": "b9754a63-843c-4f59-9aea-9a374aa1603d",
      "timestamp": 1533441892487,
    },
    {
      "content": "content",
      "id": "7a7bccda-3fac-4465-b9c9-8f67dc1b5bdf",
      "timestamp": 1650008403223,
    },
  ],
  "users": {
    "d": "1",
  },
}
`;

exports[`Utils > Tauri API wrappers > tauriListen > noteState 1`] = `
{
  "extraSelectedNotes": [],
  "notes": [],
  "selectedNote": {
    "content": {
      "body": "",
      "delta": {
        "ops": [],
      },
      "title": "",
    },
    "id": "id",
    "timestamp": 0,
  },
}
`;

exports[`Utils > Tauri API wrappers > tauriListen > openedPopup 1`] = `undefined`;

exports[`Utils > Tauri API wrappers > tauriListen > selectedTheme 1`] = `"System"`;

exports[`Utils > Tauri API wrappers > tauriListen > syncState 1`] = `
{
  "appError": AppError {
    "code": 0,
    "display": undefined,
    "message": undefined,
    "originalError": undefined,
    "retry": [Function],
    "retryConfig": undefined,
  },
  "isLoggedIn": false,
  "loadingCount": 0,
  "newPassword": "",
  "password": "",
  "unsyncedNoteIds": UnsyncedNotesManager {
    "deleted": Set {},
    "edited": Set {},
    "new": "",
  },
  "username": "",
}
`;

exports[`Utils > Tauri API wrappers > tauriListen > updateState 1`] = `
{
  "isAvailable": false,
  "isDownloading": false,
  "strategy": "manual",
}
`;

exports[`Utils > capitalise > KeyStore.getKey() 1`] = `undefined`;

exports[`Utils > capitalise > Storage.get('MENU_WIDTH') 1`] = `null`;

exports[`Utils > capitalise > Storage.get('THEME') 1`] = `null`;

exports[`Utils > capitalise > Storage.get('UPDATE_SEEN') 1`] = `null`;

exports[`Utils > capitalise > Storage.get('UPDATE_STRATEGY') 1`] = `null`;

exports[`Utils > capitalise > Storage.get('USERNAME') 1`] = `null`;

exports[`Utils > capitalise > allCalls 1`] = `[]`;

exports[`Utils > capitalise > document.body.outerHTML 1`] = `"<body class="theme--system"></body>"`;

exports[`Utils > capitalise > mockDb 1`] = `
{
  "deletedNoteIds": Set {},
  "encryptedNotes": [
    {
      "content": "content",
      "id": "2cbe0086-4b6f-466f-9ec0-9a302480da6a",
      "timestamp": 958201892455,
    },
    {
      "content": "content",
      "id": "2e36d871-0de2-43e6-9cbc-3c77e5d154cb",
      "timestamp": 811831863971,
    },
    {
      "content": "content",
      "id": "b8ff4ac5-6541-49d2-9c79-4444d872481e",
      "timestamp": 739056902017,
    },
    {
      "content": "content",
      "id": "6b24cde1-6118-4277-9791-8eab3c71cabb",
      "timestamp": 157836992432,
    },
    {
      "content": "content",
      "id": "ac4e006d-38d4-4373-af31-4a5f46fc5184",
      "timestamp": 1066734006578,
    },
    {
      "content": "content",
      "id": "6fb3ce26-82e0-408f-84bf-bd8cd64c35b2",
      "timestamp": 1642640862249,
    },
    {
      "content": "content",
      "id": "81648517-86ff-4ed9-8bf7-941c32dd0fad",
      "timestamp": 242282290063,
    },
    {
      "content": "content",
      "id": "9a2f52b3-69ac-4158-a9f7-b79ba9dbafd3",
      "timestamp": 550235579146,
    },
    {
      "content": "content",
      "id": "b9754a63-843c-4f59-9aea-9a374aa1603d",
      "timestamp": 1533441892487,
    },
    {
      "content": "content",
      "id": "7a7bccda-3fac-4465-b9c9-8f67dc1b5bdf",
      "timestamp": 1650008403223,
    },
  ],
  "users": {
    "d": "1",
  },
}
`;

exports[`Utils > capitalise > noteState 1`] = `
{
  "extraSelectedNotes": [],
  "notes": [],
  "selectedNote": {
    "content": {
      "body": "",
      "delta": {
        "ops": [],
      },
      "title": "",
    },
    "id": "id",
    "timestamp": 0,
  },
}
`;

exports[`Utils > capitalise > openedPopup 1`] = `undefined`;

exports[`Utils > capitalise > selectedTheme 1`] = `"System"`;

exports[`Utils > capitalise > syncState 1`] = `
{
  "appError": AppError {
    "code": 0,
    "display": undefined,
    "message": undefined,
    "originalError": undefined,
    "retry": [Function],
    "retryConfig": undefined,
  },
  "isLoggedIn": false,
  "loadingCount": 0,
  "newPassword": "",
  "password": "",
  "unsyncedNoteIds": UnsyncedNotesManager {
    "deleted": Set {},
    "edited": Set {},
    "new": "",
  },
  "username": "",
}
`;

exports[`Utils > capitalise > updateState 1`] = `
{
  "isAvailable": false,
  "isDownloading": false,
  "strategy": "manual",
}
`;

exports[`Utils > hasKeys > KeyStore.getKey() 1`] = `undefined`;

exports[`Utils > hasKeys > Storage.get('MENU_WIDTH') 1`] = `null`;

exports[`Utils > hasKeys > Storage.get('THEME') 1`] = `null`;

exports[`Utils > hasKeys > Storage.get('UPDATE_SEEN') 1`] = `null`;

exports[`Utils > hasKeys > Storage.get('UPDATE_STRATEGY') 1`] = `null`;

exports[`Utils > hasKeys > Storage.get('USERNAME') 1`] = `null`;

exports[`Utils > hasKeys > allCalls 1`] = `[]`;

exports[`Utils > hasKeys > document.body.outerHTML 1`] = `"<body class="theme--system"></body>"`;

exports[`Utils > hasKeys > mockDb 1`] = `
{
  "deletedNoteIds": Set {},
  "encryptedNotes": [
    {
      "content": "content",
      "id": "2cbe0086-4b6f-466f-9ec0-9a302480da6a",
      "timestamp": 958201892455,
    },
    {
      "content": "content",
      "id": "2e36d871-0de2-43e6-9cbc-3c77e5d154cb",
      "timestamp": 811831863971,
    },
    {
      "content": "content",
      "id": "b8ff4ac5-6541-49d2-9c79-4444d872481e",
      "timestamp": 739056902017,
    },
    {
      "content": "content",
      "id": "6b24cde1-6118-4277-9791-8eab3c71cabb",
      "timestamp": 157836992432,
    },
    {
      "content": "content",
      "id": "ac4e006d-38d4-4373-af31-4a5f46fc5184",
      "timestamp": 1066734006578,
    },
    {
      "content": "content",
      "id": "6fb3ce26-82e0-408f-84bf-bd8cd64c35b2",
      "timestamp": 1642640862249,
    },
    {
      "content": "content",
      "id": "81648517-86ff-4ed9-8bf7-941c32dd0fad",
      "timestamp": 242282290063,
    },
    {
      "content": "content",
      "id": "9a2f52b3-69ac-4158-a9f7-b79ba9dbafd3",
      "timestamp": 550235579146,
    },
    {
      "content": "content",
      "id": "b9754a63-843c-4f59-9aea-9a374aa1603d",
      "timestamp": 1533441892487,
    },
    {
      "content": "content",
      "id": "7a7bccda-3fac-4465-b9c9-8f67dc1b5bdf",
      "timestamp": 1650008403223,
    },
  ],
  "users": {
    "d": "1",
  },
}
`;

exports[`Utils > hasKeys > noteState 1`] = `
{
  "extraSelectedNotes": [],
  "notes": [],
  "selectedNote": {
    "content": {
      "body": "",
      "delta": {
        "ops": [],
      },
      "title": "",
    },
    "id": "id",
    "timestamp": 0,
  },
}
`;

exports[`Utils > hasKeys > openedPopup 1`] = `undefined`;

exports[`Utils > hasKeys > selectedTheme 1`] = `"System"`;

exports[`Utils > hasKeys > syncState 1`] = `
{
  "appError": AppError {
    "code": 0,
    "display": undefined,
    "message": undefined,
    "originalError": undefined,
    "retry": [Function],
    "retryConfig": undefined,
  },
  "isLoggedIn": false,
  "loadingCount": 0,
  "newPassword": "",
  "password": "",
  "unsyncedNoteIds": UnsyncedNotesManager {
    "deleted": Set {},
    "edited": Set {},
    "new": "",
  },
  "username": "",
}
`;

exports[`Utils > hasKeys > updateState 1`] = `
{
  "isAvailable": false,
  "isDownloading": false,
  "strategy": "manual",
}
`;

exports[`Utils > isDev > KeyStore.getKey() 1`] = `undefined`;

exports[`Utils > isDev > Storage.get('MENU_WIDTH') 1`] = `null`;

exports[`Utils > isDev > Storage.get('THEME') 1`] = `null`;

exports[`Utils > isDev > Storage.get('UPDATE_SEEN') 1`] = `null`;

exports[`Utils > isDev > Storage.get('UPDATE_STRATEGY') 1`] = `null`;

exports[`Utils > isDev > Storage.get('USERNAME') 1`] = `null`;

exports[`Utils > isDev > allCalls 1`] = `[]`;

exports[`Utils > isDev > document.body.outerHTML 1`] = `"<body class="theme--system"></body>"`;

exports[`Utils > isDev > mockDb 1`] = `
{
  "deletedNoteIds": Set {},
  "encryptedNotes": [
    {
      "content": "content",
      "id": "2cbe0086-4b6f-466f-9ec0-9a302480da6a",
      "timestamp": 958201892455,
    },
    {
      "content": "content",
      "id": "2e36d871-0de2-43e6-9cbc-3c77e5d154cb",
      "timestamp": 811831863971,
    },
    {
      "content": "content",
      "id": "b8ff4ac5-6541-49d2-9c79-4444d872481e",
      "timestamp": 739056902017,
    },
    {
      "content": "content",
      "id": "6b24cde1-6118-4277-9791-8eab3c71cabb",
      "timestamp": 157836992432,
    },
    {
      "content": "content",
      "id": "ac4e006d-38d4-4373-af31-4a5f46fc5184",
      "timestamp": 1066734006578,
    },
    {
      "content": "content",
      "id": "6fb3ce26-82e0-408f-84bf-bd8cd64c35b2",
      "timestamp": 1642640862249,
    },
    {
      "content": "content",
      "id": "81648517-86ff-4ed9-8bf7-941c32dd0fad",
      "timestamp": 242282290063,
    },
    {
      "content": "content",
      "id": "9a2f52b3-69ac-4158-a9f7-b79ba9dbafd3",
      "timestamp": 550235579146,
    },
    {
      "content": "content",
      "id": "b9754a63-843c-4f59-9aea-9a374aa1603d",
      "timestamp": 1533441892487,
    },
    {
      "content": "content",
      "id": "7a7bccda-3fac-4465-b9c9-8f67dc1b5bdf",
      "timestamp": 1650008403223,
    },
  ],
  "users": {
    "d": "1",
  },
}
`;

exports[`Utils > isDev > noteState 1`] = `
{
  "extraSelectedNotes": [],
  "notes": [],
  "selectedNote": {
    "content": {
      "body": "",
      "delta": {
        "ops": [],
      },
      "title": "",
    },
    "id": "id",
    "timestamp": 0,
  },
}
`;

exports[`Utils > isDev > openedPopup 1`] = `undefined`;

exports[`Utils > isDev > selectedTheme 1`] = `"System"`;

exports[`Utils > isDev > syncState 1`] = `
{
  "appError": AppError {
    "code": 0,
    "display": undefined,
    "message": undefined,
    "originalError": undefined,
    "retry": [Function],
    "retryConfig": undefined,
  },
  "isLoggedIn": false,
  "loadingCount": 0,
  "newPassword": "",
  "password": "",
  "unsyncedNoteIds": UnsyncedNotesManager {
    "deleted": Set {},
    "edited": Set {},
    "new": "",
  },
  "username": "",
}
`;

exports[`Utils > isDev > updateState 1`] = `
{
  "isAvailable": false,
  "isDownloading": false,
  "strategy": "manual",
}
`;

exports[`Utils > isEmptyNote > KeyStore.getKey() 1`] = `undefined`;

exports[`Utils > isEmptyNote > Storage.get('MENU_WIDTH') 1`] = `null`;

exports[`Utils > isEmptyNote > Storage.get('THEME') 1`] = `null`;

exports[`Utils > isEmptyNote > Storage.get('UPDATE_SEEN') 1`] = `null`;

exports[`Utils > isEmptyNote > Storage.get('UPDATE_STRATEGY') 1`] = `null`;

exports[`Utils > isEmptyNote > Storage.get('USERNAME') 1`] = `null`;

exports[`Utils > isEmptyNote > allCalls 1`] = `[]`;

exports[`Utils > isEmptyNote > document.body.outerHTML 1`] = `"<body class="theme--system"></body>"`;

exports[`Utils > isEmptyNote > mockDb 1`] = `
{
  "deletedNoteIds": Set {},
  "encryptedNotes": [
    {
      "content": "content",
      "id": "2cbe0086-4b6f-466f-9ec0-9a302480da6a",
      "timestamp": 958201892455,
    },
    {
      "content": "content",
      "id": "2e36d871-0de2-43e6-9cbc-3c77e5d154cb",
      "timestamp": 811831863971,
    },
    {
      "content": "content",
      "id": "b8ff4ac5-6541-49d2-9c79-4444d872481e",
      "timestamp": 739056902017,
    },
    {
      "content": "content",
      "id": "6b24cde1-6118-4277-9791-8eab3c71cabb",
      "timestamp": 157836992432,
    },
    {
      "content": "content",
      "id": "ac4e006d-38d4-4373-af31-4a5f46fc5184",
      "timestamp": 1066734006578,
    },
    {
      "content": "content",
      "id": "6fb3ce26-82e0-408f-84bf-bd8cd64c35b2",
      "timestamp": 1642640862249,
    },
    {
      "content": "content",
      "id": "81648517-86ff-4ed9-8bf7-941c32dd0fad",
      "timestamp": 242282290063,
    },
    {
      "content": "content",
      "id": "9a2f52b3-69ac-4158-a9f7-b79ba9dbafd3",
      "timestamp": 550235579146,
    },
    {
      "content": "content",
      "id": "b9754a63-843c-4f59-9aea-9a374aa1603d",
      "timestamp": 1533441892487,
    },
    {
      "content": "content",
      "id": "7a7bccda-3fac-4465-b9c9-8f67dc1b5bdf",
      "timestamp": 1650008403223,
    },
  ],
  "users": {
    "d": "1",
  },
}
`;

exports[`Utils > isEmptyNote > noteState 1`] = `
{
  "extraSelectedNotes": [],
  "notes": [],
  "selectedNote": {
    "content": {
      "body": "",
      "delta": {
        "ops": [],
      },
      "title": "",
    },
    "id": "id",
    "timestamp": 0,
  },
}
`;

exports[`Utils > isEmptyNote > openedPopup 1`] = `undefined`;

exports[`Utils > isEmptyNote > selectedTheme 1`] = `"System"`;

exports[`Utils > isEmptyNote > syncState 1`] = `
{
  "appError": AppError {
    "code": 0,
    "display": undefined,
    "message": undefined,
    "originalError": undefined,
    "retry": [Function],
    "retryConfig": undefined,
  },
  "isLoggedIn": false,
  "loadingCount": 0,
  "newPassword": "",
  "password": "",
  "unsyncedNoteIds": UnsyncedNotesManager {
    "deleted": Set {},
    "edited": Set {},
    "new": "",
  },
  "username": "",
}
`;

exports[`Utils > isEmptyNote > updateState 1`] = `
{
  "isAvailable": false,
  "isDownloading": false,
  "strategy": "manual",
}
`;

exports[`Utils > isWhitespaceOnly > KeyStore.getKey() 1`] = `undefined`;

exports[`Utils > isWhitespaceOnly > Storage.get('MENU_WIDTH') 1`] = `null`;

exports[`Utils > isWhitespaceOnly > Storage.get('THEME') 1`] = `null`;

exports[`Utils > isWhitespaceOnly > Storage.get('UPDATE_SEEN') 1`] = `null`;

exports[`Utils > isWhitespaceOnly > Storage.get('UPDATE_STRATEGY') 1`] = `null`;

exports[`Utils > isWhitespaceOnly > Storage.get('USERNAME') 1`] = `null`;

exports[`Utils > isWhitespaceOnly > allCalls 1`] = `[]`;

exports[`Utils > isWhitespaceOnly > document.body.outerHTML 1`] = `"<body class="theme--system"></body>"`;

exports[`Utils > isWhitespaceOnly > mockDb 1`] = `
{
  "deletedNoteIds": Set {},
  "encryptedNotes": [
    {
      "content": "content",
      "id": "2cbe0086-4b6f-466f-9ec0-9a302480da6a",
      "timestamp": 958201892455,
    },
    {
      "content": "content",
      "id": "2e36d871-0de2-43e6-9cbc-3c77e5d154cb",
      "timestamp": 811831863971,
    },
    {
      "content": "content",
      "id": "b8ff4ac5-6541-49d2-9c79-4444d872481e",
      "timestamp": 739056902017,
    },
    {
      "content": "content",
      "id": "6b24cde1-6118-4277-9791-8eab3c71cabb",
      "timestamp": 157836992432,
    },
    {
      "content": "content",
      "id": "ac4e006d-38d4-4373-af31-4a5f46fc5184",
      "timestamp": 1066734006578,
    },
    {
      "content": "content",
      "id": "6fb3ce26-82e0-408f-84bf-bd8cd64c35b2",
      "timestamp": 1642640862249,
    },
    {
      "content": "content",
      "id": "81648517-86ff-4ed9-8bf7-941c32dd0fad",
      "timestamp": 242282290063,
    },
    {
      "content": "content",
      "id": "9a2f52b3-69ac-4158-a9f7-b79ba9dbafd3",
      "timestamp": 550235579146,
    },
    {
      "content": "content",
      "id": "b9754a63-843c-4f59-9aea-9a374aa1603d",
      "timestamp": 1533441892487,
    },
    {
      "content": "content",
      "id": "7a7bccda-3fac-4465-b9c9-8f67dc1b5bdf",
      "timestamp": 1650008403223,
    },
  ],
  "users": {
    "d": "1",
  },
}
`;

exports[`Utils > isWhitespaceOnly > noteState 1`] = `
{
  "extraSelectedNotes": [],
  "notes": [],
  "selectedNote": {
    "content": {
      "body": "",
      "delta": {
        "ops": [],
      },
      "title": "",
    },
    "id": "id",
    "timestamp": 0,
  },
}
`;

exports[`Utils > isWhitespaceOnly > openedPopup 1`] = `undefined`;

exports[`Utils > isWhitespaceOnly > selectedTheme 1`] = `"System"`;

exports[`Utils > isWhitespaceOnly > syncState 1`] = `
{
  "appError": AppError {
    "code": 0,
    "display": undefined,
    "message": undefined,
    "originalError": undefined,
    "retry": [Function],
    "retryConfig": undefined,
  },
  "isLoggedIn": false,
  "loadingCount": 0,
  "newPassword": "",
  "password": "",
  "unsyncedNoteIds": UnsyncedNotesManager {
    "deleted": Set {},
    "edited": Set {},
    "new": "",
  },
  "username": "",
}
`;

exports[`Utils > isWhitespaceOnly > updateState 1`] = `
{
  "isAvailable": false,
  "isDownloading": false,
  "strategy": "manual",
}
`;

exports[`Utils > unixToDateTime > KeyStore.getKey() 1`] = `undefined`;

exports[`Utils > unixToDateTime > Storage.get('MENU_WIDTH') 1`] = `null`;

exports[`Utils > unixToDateTime > Storage.get('THEME') 1`] = `null`;

exports[`Utils > unixToDateTime > Storage.get('UPDATE_SEEN') 1`] = `null`;

exports[`Utils > unixToDateTime > Storage.get('UPDATE_STRATEGY') 1`] = `null`;

exports[`Utils > unixToDateTime > Storage.get('USERNAME') 1`] = `null`;

exports[`Utils > unixToDateTime > allCalls 1`] = `[]`;

exports[`Utils > unixToDateTime > document.body.outerHTML 1`] = `"<body class="theme--system"></body>"`;

exports[`Utils > unixToDateTime > mockDb 1`] = `
{
  "deletedNoteIds": Set {},
  "encryptedNotes": [
    {
      "content": "content",
      "id": "2cbe0086-4b6f-466f-9ec0-9a302480da6a",
      "timestamp": 958201892455,
    },
    {
      "content": "content",
      "id": "2e36d871-0de2-43e6-9cbc-3c77e5d154cb",
      "timestamp": 811831863971,
    },
    {
      "content": "content",
      "id": "b8ff4ac5-6541-49d2-9c79-4444d872481e",
      "timestamp": 739056902017,
    },
    {
      "content": "content",
      "id": "6b24cde1-6118-4277-9791-8eab3c71cabb",
      "timestamp": 157836992432,
    },
    {
      "content": "content",
      "id": "ac4e006d-38d4-4373-af31-4a5f46fc5184",
      "timestamp": 1066734006578,
    },
    {
      "content": "content",
      "id": "6fb3ce26-82e0-408f-84bf-bd8cd64c35b2",
      "timestamp": 1642640862249,
    },
    {
      "content": "content",
      "id": "81648517-86ff-4ed9-8bf7-941c32dd0fad",
      "timestamp": 242282290063,
    },
    {
      "content": "content",
      "id": "9a2f52b3-69ac-4158-a9f7-b79ba9dbafd3",
      "timestamp": 550235579146,
    },
    {
      "content": "content",
      "id": "b9754a63-843c-4f59-9aea-9a374aa1603d",
      "timestamp": 1533441892487,
    },
    {
      "content": "content",
      "id": "7a7bccda-3fac-4465-b9c9-8f67dc1b5bdf",
      "timestamp": 1650008403223,
    },
  ],
  "users": {
    "d": "1",
  },
}
`;

exports[`Utils > unixToDateTime > noteState 1`] = `
{
  "extraSelectedNotes": [],
  "notes": [],
  "selectedNote": {
    "content": {
      "body": "",
      "delta": {
        "ops": [],
      },
      "title": "",
    },
    "id": "id",
    "timestamp": 0,
  },
}
`;

exports[`Utils > unixToDateTime > openedPopup 1`] = `undefined`;

exports[`Utils > unixToDateTime > selectedTheme 1`] = `"System"`;

exports[`Utils > unixToDateTime > syncState 1`] = `
{
  "appError": AppError {
    "code": 0,
    "display": undefined,
    "message": undefined,
    "originalError": undefined,
    "retry": [Function],
    "retryConfig": undefined,
  },
  "isLoggedIn": false,
  "loadingCount": 0,
  "newPassword": "",
  "password": "",
  "unsyncedNoteIds": UnsyncedNotesManager {
    "deleted": Set {},
    "edited": Set {},
    "new": "",
  },
  "username": "",
}
`;

exports[`Utils > unixToDateTime > updateState 1`] = `
{
  "isAvailable": false,
  "isDownloading": false,
  "strategy": "manual",
}
`;
