// Vitest Snapshot v1, https://vitest.dev/guide/snapshot.html

exports[`route > Handles unknown errors > KeyStore.getKey() 1`] = `undefined`;

exports[`route > Handles unknown errors > Storage.get('MENU_WIDTH') 1`] = `null`;

exports[`route > Handles unknown errors > Storage.get('THEME') 1`] = `null`;

exports[`route > Handles unknown errors > Storage.get('UPDATE_SEEN') 1`] = `null`;

exports[`route > Handles unknown errors > Storage.get('UPDATE_STRATEGY') 1`] = `null`;

exports[`route > Handles unknown errors > Storage.get('USERNAME') 1`] = `null`;

exports[`route > Handles unknown errors > allCalls 1`] = `[]`;

exports[`route > Handles unknown errors > document.body.outerHTML 1`] = `"<body class="theme--system"></body>"`;

exports[`route > Handles unknown errors > mockDb 1`] = `
{
  "deletedNoteIds": Set {},
  "encryptedNotes": [],
  "users": {
    "d": "1",
  },
}
`;

exports[`route > Handles unknown errors > noteState 1`] = `
{
  "extraSelectedNotes": [],
  "notes": [],
  "selectedNote": {
    "content": {
      "body": "",
      "delta": {
        "ops": [],
      },
      "title": "",
    },
    "id": "id",
    "timestamp": 0,
  },
}
`;

exports[`route > Handles unknown errors > openedPopup 1`] = `undefined`;

exports[`route > Handles unknown errors > selectedTheme 1`] = `"System"`;

exports[`route > Handles unknown errors > syncState 1`] = `
{
  "appError": AppError {
    "code": 1,
    "display": {
      "form": true,
      "sync": true,
    },
    "message": "An unknown error occurred",
    "originalError": [Error: unexpected],
    "retry": [Function],
    "retryConfig": {
      "args": [
        "bar",
      ],
      "fn": [Function],
    },
  },
  "encryptedNotesCache": Map {},
  "isLoggedIn": false,
  "loadingCount": 0,
  "newPassword": "",
  "password": "",
  "unsyncedNoteIds": UnsyncedNotesManager {
    "deleted": Set {},
    "edited": Set {},
    "new": "",
  },
  "username": "",
}
`;

exports[`route > Handles unknown errors > updateState 1`] = `
{
  "isAvailable": false,
  "isDownloading": false,
  "strategy": "manual",
}
`;
