// Vitest Snapshot v1, https://vitest.dev/guide/snapshot.html

exports[`editNote > Catches error > KeyStore.getKey() 1`] = `undefined`;

exports[`editNote > Catches error > Storage.get('MENU_WIDTH') 1`] = `null`;

exports[`editNote > Catches error > Storage.get('THEME') 1`] = `null`;

exports[`editNote > Catches error > Storage.get('UPDATE_SEEN') 1`] = `null`;

exports[`editNote > Catches error > Storage.get('UPDATE_STRATEGY') 1`] = `null`;

exports[`editNote > Catches error > Storage.get('USERNAME') 1`] = `null`;

exports[`editNote > Catches error > allCalls 1`] = `
[
  [
    "invoke",
    {
      "calledWith": {},
      "name": "get_all_notes",
    },
  ],
  [
    "tauriApi",
    {
      "calledWith": {
        "kind": "error",
        "message": "Something went wrong. Please try again or open an issue in the GitHub repo.",
        "okLabel": undefined,
        "title": undefined,
      },
      "name": "plugin:dialog|message",
    },
  ],
]
`;

exports[`editNote > Catches error > document.body.outerHTML 1`] = `"<body class="theme--system"></body>"`;

exports[`editNote > Catches error > mockDb 1`] = `
{
  "deletedNotes": undefined,
  "encryptedNotes": [],
  "users": {
    "d": "1",
  },
}
`;

exports[`editNote > Catches error > noteState 1`] = `
{
  "extraSelectedNotes": [],
  "notes": [
    {
      "content": {
        "body": "Body",
        "delta": {
          "ops": [
            {
              "insert": "Title
Body",
            },
          ],
        },
        "title": "Title",
      },
      "timestamp": 0,
      "uuid": "7a7bccda-3fac-4465-b9c9-8f67dc1b5bdf",
    },
    {
      "content": {
        "body": "amet consectetur adipisicing",
        "delta": {
          "ops": [
            {
              "insert": "Amet consectetur adipisicing\\n\\namet consectetur adipisicing\\namet consectetur adipisicing\\namet consectetur adipisicing\\n",
            },
          ],
        },
        "title": "Amet consectetur adipisicing",
      },
      "timestamp": 0,
      "uuid": "6fb3ce26-82e0-408f-84bf-bd8cd64c35b2",
    },
    {
      "content": {
        "body": "amet consectetur adipisicing",
        "delta": {
          "ops": [
            {
              "insert": "Amet consectetur adipisicing\\n\\namet consectetur adipisicing\\namet consectetur adipisicing\\namet consectetur adipisicing\\n",
            },
          ],
        },
        "title": "Amet consectetur adipisicing",
      },
      "timestamp": 0,
      "uuid": "b9754a63-843c-4f59-9aea-9a374aa1603d",
    },
    {
      "content": {
        "body": "amet consectetur adipisicing",
        "delta": {
          "ops": [
            {
              "insert": "Amet consectetur adipisicing\\n\\namet consectetur adipisicing\\namet consectetur adipisicing\\namet consectetur adipisicing\\n",
            },
          ],
        },
        "title": "Amet consectetur adipisicing",
      },
      "timestamp": 0,
      "uuid": "ac4e006d-38d4-4373-af31-4a5f46fc5184",
    },
    {
      "content": {
        "body": "amet consectetur adipisicing",
        "delta": {
          "ops": [
            {
              "insert": "Amet consectetur adipisicing\\n\\namet consectetur adipisicing\\namet consectetur adipisicing\\namet consectetur adipisicing\\n",
            },
          ],
        },
        "title": "Amet consectetur adipisicing",
      },
      "timestamp": 0,
      "uuid": "2cbe0086-4b6f-466f-9ec0-9a302480da6a",
    },
    {
      "content": {
        "body": "amet consectetur adipisicing",
        "delta": {
          "ops": [
            {
              "insert": "Amet consectetur adipisicing\\n\\namet consectetur adipisicing\\namet consectetur adipisicing\\namet consectetur adipisicing\\n",
            },
          ],
        },
        "title": "Amet consectetur adipisicing",
      },
      "timestamp": 0,
      "uuid": "2e36d871-0de2-43e6-9cbc-3c77e5d154cb",
    },
    {
      "content": {
        "body": "amet consectetur adipisicing",
        "delta": {
          "ops": [
            {
              "insert": "Amet consectetur adipisicing\\n\\namet consectetur adipisicing\\namet consectetur adipisicing\\namet consectetur adipisicing\\n",
            },
          ],
        },
        "title": "Amet consectetur adipisicing",
      },
      "timestamp": 0,
      "uuid": "b8ff4ac5-6541-49d2-9c79-4444d872481e",
    },
    {
      "content": {
        "body": "amet consectetur adipisicing",
        "delta": {
          "ops": [
            {
              "insert": "Amet consectetur adipisicing\\n\\namet consectetur adipisicing\\namet consectetur adipisicing\\namet consectetur adipisicing\\n",
            },
          ],
        },
        "title": "Amet consectetur adipisicing",
      },
      "timestamp": 0,
      "uuid": "9a2f52b3-69ac-4158-a9f7-b79ba9dbafd3",
    },
    {
      "content": {
        "body": "amet consectetur adipisicing",
        "delta": {
          "ops": [
            {
              "insert": "Amet consectetur adipisicing\\n\\namet consectetur adipisicing\\namet consectetur adipisicing\\namet consectetur adipisicing\\n",
            },
          ],
        },
        "title": "Amet consectetur adipisicing",
      },
      "timestamp": 0,
      "uuid": "81648517-86ff-4ed9-8bf7-941c32dd0fad",
    },
    {
      "content": {
        "body": "amet consectetur adipisicing",
        "delta": {
          "ops": [
            {
              "insert": "Amet consectetur adipisicing\\n\\namet consectetur adipisicing\\namet consectetur adipisicing\\namet consectetur adipisicing\\n",
            },
          ],
        },
        "title": "Amet consectetur adipisicing",
      },
      "timestamp": 0,
      "uuid": "6b24cde1-6118-4277-9791-8eab3c71cabb",
    },
  ],
  "selectedNote": {
    "content": {
      "body": "😬ö",
      "delta": {
        "ops": [
          {
            "insert": "Note with special characters

😬ö
  sss
	
Ketchup
Salt 
Sugar

¯\\_(ツ)_/¯

──────────────────────────────────
──────▄▀▀▄────────────────▄▀▀▄────
─────▐▒▒▒▒▌──────────────▌▒▒▒▒▌───
─────▌▒▒▒▒▐─────────────▐▒▒▒▒▒▐───
────▐▒▒▒▒▒▒▌─▄▄▄▀▀▀▀▄▄▄─▌▒▒▒▒▒▒▌──
───▄▌▒▒▒▒▒▒▒▀▒▒▒▒▒▒▒▒▒▒▀▒▒▒▒▒▒▐───
─▄▀▒▐▒▒▒▒▒▒▒▒▒▒▒▒▒▒▒▒▒▒▒▒▒▒▒▒▒▌───
▐▒▒▒▌▒▒▒▒▒▒▒▒▒▒▒▒▒▒▒▒▒▒▒▒▒▒▒▒▒▐───
▌▒▒▌▒▒▒▒▒▒▒▒▒▒▒▒▒▒▒▒▒▒▒▒▒▒▒▒▒▒▒▌──
▒▒▐▒▒▒▒▒▒▒▒▒▄▀▀▀▀▄▒▒▒▒▒▄▀▀▀▀▄▒▒▐──
▒▒▌▒▒▒▒▒▒▒▒▐▌─▄▄─▐▌▒▒▒▐▌─▄▄─▐▌▒▒▌─
▒▐▒▒▒▒▒▒▒▒▒▐▌▐█▄▌▐▌▒▒▒▐▌▐█▄▌▐▌▒▒▐─
▒▌▒▒▒▒▒▒▒▒▒▐▌─▀▀─▐▌▒▒▒▐▌─▀▀─▐▌▒▒▒▌
▒▌▒▒▒▒▒▒▒▒▒▒▀▄▄▄▄▀▒▒▒▒▒▀▄▄▄▄▀▒▒▒▒▐
▒▌▒▒▒▒▒▒▒▒▒▒▒▒▒▒▒▒▒▄▄▄▒▒▒▒▒▒▒▒▒▒▒▐
▒▌▒▒▒▒▒▒▒▒▒▒▒▒▀▒▀▒▒▒▀▒▒▒▀▒▀▒▒▒▒▒▒▐
▒▌▒▒▒▒▒▒▒▒▒▒▒▒▒▀▒▒▒▄▀▄▒▒▒▀▒▒▒▒▒▒▒▐
▒▐▒▒▒▒▒▒▒▒▒▒▀▄▒▒▒▄▀▒▒▒▀▄▒▒▒▄▀▒▒▒▒▐
▒▓▌▒▒▒▒▒▒▒▒▒▒▒▀▀▀▒▒▒▒▒▒▒▀▀▀▒▒▒▒▒▒▐
▒▓▓▌▒▒▒▒▒▒▒▒▒▒▒▒▒▒▒▒▒▒▒▒▒▒▒▒▒▒▒▒▒▌
▒▒▓▐▒▒▒▒▒▒▒▒▒▒▒▒▒▒▒▒▒▒▒▒▒▒▒▒▒▒▒▒▌─
▒▒▓▓▀▀▄▄▒▒▒▒▒▒▒▒▒▒▒▒▒▒▒▒▒▒▒▒▒▒▒▐──
▒▒▒▓▓▓▓▓▀▀▄▄▒▒▒▒▒▒▒▒▒▒▒▒▒▒▒▄▄▀▀▒▌─
▒▒▒▒▒▓▓▓▓▓▓▓▀▀▀▀▀▀▀▀▀▀▀▀▀▀▀▒▒▒▒▒▐─
▒▒▒▒▒▒▒▒▒▒▒▒▒▒▒▒▒▒▒▒▒▒▒▒▒▒▒▒▒▒▒▒▒▌
▒▒▒▒▒▒▒█▒█▒█▀▒█▀█▒█▒▒▒█▒█▒█▒▒▒▒▒▒▐
▒▒▒▒▒▒▒█▀█▒█▀▒█▄█▒▀█▒█▀▒▀▀█▒▒▒▒▒▒▐
▒▒▒▒▒▒▒▀▒▀▒▀▀▒▀▒▀▒▒▒▀▒▒▒▀▀▀▒▒▒▒▒▒▐
█▀▄▒█▀▄▒█▀▒█▀█▒▀█▀▒█▒█▒█▒█▄▒█▒▄▀▀▐
█▀▄▒█▀▄▒█▀▒█▄█▒▒█▒▒█▀█▒█▒█▀██▒█▒█▐
▀▀▒▒▀▒▀▒▀▀▒▀▒▀▒▒▀▒▒▀▒▀▒▀▒▀▒▒▀▒▒▀▀▐
▒▒▒▒▒▒▒▒▒▒▒▒▒▒▒▒▒▒▒▒▒▒▒▒▒▒▒▒▒▒▒▒▒▐

",
          },
        ],
      },
      "title": "Note with special characters",
    },
    "timestamp": 0,
    "uuid": "7a7bccda-3fac-4465-b9c9-8f67dc1b5bdf",
  },
}
`;

exports[`editNote > Catches error > openedPopup 1`] = `undefined`;

exports[`editNote > Catches error > selectedTheme 1`] = `"System"`;

exports[`editNote > Catches error > syncState 1`] = `
{
  "appError": AppError {
    "code": 0,
    "display": undefined,
    "message": undefined,
    "originalError": undefined,
    "retry": [Function],
    "retryConfig": undefined,
  },
  "encryptedNotesCache": Map {},
  "isLoggedIn": false,
  "loadingCount": 0,
  "newPassword": "",
  "password": "",
  "unsyncedNotes": UnsyncedNotesManager {
    "deleted": [],
    "edited": Set {
      "7a7bccda-3fac-4465-b9c9-8f67dc1b5bdf",
    },
    "new": "",
  },
  "username": "",
}
`;

exports[`editNote > Catches error > updateState 1`] = `
{
  "isAvailable": false,
  "isDownloading": false,
  "strategy": "manual",
}
`;

exports[`editNote > Edits notes > KeyStore.getKey() 1`] = `undefined`;

exports[`editNote > Edits notes > Storage.get('MENU_WIDTH') 1`] = `null`;

exports[`editNote > Edits notes > Storage.get('THEME') 1`] = `null`;

exports[`editNote > Edits notes > Storage.get('UPDATE_SEEN') 1`] = `null`;

exports[`editNote > Edits notes > Storage.get('UPDATE_STRATEGY') 1`] = `null`;

exports[`editNote > Edits notes > Storage.get('USERNAME') 1`] = `null`;

exports[`editNote > Edits notes > allCalls 1`] = `
[
  [
    "invoke",
    {
      "calledWith": {},
      "name": "get_all_notes",
    },
  ],
  [
    "invoke",
    {
      "calledWith": {
        "note": {
          "content": {
            "body": "Body",
            "delta": {
              "ops": [
                {
                  "insert": "Title
Body",
                },
              ],
            },
            "title": "Title",
          },
          "timestamp": 0,
          "uuid": "7a7bccda-3fac-4465-b9c9-8f67dc1b5bdf",
        },
      },
      "name": "edit_note",
    },
  ],
]
`;

exports[`editNote > Edits notes > document.body.outerHTML 1`] = `"<body class="theme--system"></body>"`;

exports[`editNote > Edits notes > mockDb 1`] = `
{
  "deletedNotes": undefined,
  "encryptedNotes": [],
  "users": {
    "d": "1",
  },
}
`;

exports[`editNote > Edits notes > noteState 1`] = `
{
  "extraSelectedNotes": [],
  "notes": [
    {
      "content": {
        "body": "Body",
        "delta": {
          "ops": [
            {
              "insert": "Title
Body",
            },
          ],
        },
        "title": "Title",
      },
      "timestamp": 0,
      "uuid": "7a7bccda-3fac-4465-b9c9-8f67dc1b5bdf",
    },
    {
      "content": {
        "body": "amet consectetur adipisicing",
        "delta": {
          "ops": [
            {
              "insert": "Amet consectetur adipisicing\\n\\namet consectetur adipisicing\\namet consectetur adipisicing\\namet consectetur adipisicing\\n",
            },
          ],
        },
        "title": "Amet consectetur adipisicing",
      },
      "timestamp": 0,
      "uuid": "6fb3ce26-82e0-408f-84bf-bd8cd64c35b2",
    },
    {
      "content": {
        "body": "amet consectetur adipisicing",
        "delta": {
          "ops": [
            {
              "insert": "Amet consectetur adipisicing\\n\\namet consectetur adipisicing\\namet consectetur adipisicing\\namet consectetur adipisicing\\n",
            },
          ],
        },
        "title": "Amet consectetur adipisicing",
      },
      "timestamp": 0,
      "uuid": "b9754a63-843c-4f59-9aea-9a374aa1603d",
    },
    {
      "content": {
        "body": "amet consectetur adipisicing",
        "delta": {
          "ops": [
            {
              "insert": "Amet consectetur adipisicing\\n\\namet consectetur adipisicing\\namet consectetur adipisicing\\namet consectetur adipisicing\\n",
            },
          ],
        },
        "title": "Amet consectetur adipisicing",
      },
      "timestamp": 0,
      "uuid": "ac4e006d-38d4-4373-af31-4a5f46fc5184",
    },
    {
      "content": {
        "body": "amet consectetur adipisicing",
        "delta": {
          "ops": [
            {
              "insert": "Amet consectetur adipisicing\\n\\namet consectetur adipisicing\\namet consectetur adipisicing\\namet consectetur adipisicing\\n",
            },
          ],
        },
        "title": "Amet consectetur adipisicing",
      },
      "timestamp": 0,
      "uuid": "2cbe0086-4b6f-466f-9ec0-9a302480da6a",
    },
    {
      "content": {
        "body": "amet consectetur adipisicing",
        "delta": {
          "ops": [
            {
              "insert": "Amet consectetur adipisicing\\n\\namet consectetur adipisicing\\namet consectetur adipisicing\\namet consectetur adipisicing\\n",
            },
          ],
        },
        "title": "Amet consectetur adipisicing",
      },
      "timestamp": 0,
      "uuid": "2e36d871-0de2-43e6-9cbc-3c77e5d154cb",
    },
    {
      "content": {
        "body": "amet consectetur adipisicing",
        "delta": {
          "ops": [
            {
              "insert": "Amet consectetur adipisicing\\n\\namet consectetur adipisicing\\namet consectetur adipisicing\\namet consectetur adipisicing\\n",
            },
          ],
        },
        "title": "Amet consectetur adipisicing",
      },
      "timestamp": 0,
      "uuid": "b8ff4ac5-6541-49d2-9c79-4444d872481e",
    },
    {
      "content": {
        "body": "amet consectetur adipisicing",
        "delta": {
          "ops": [
            {
              "insert": "Amet consectetur adipisicing\\n\\namet consectetur adipisicing\\namet consectetur adipisicing\\namet consectetur adipisicing\\n",
            },
          ],
        },
        "title": "Amet consectetur adipisicing",
      },
      "timestamp": 0,
      "uuid": "9a2f52b3-69ac-4158-a9f7-b79ba9dbafd3",
    },
    {
      "content": {
        "body": "amet consectetur adipisicing",
        "delta": {
          "ops": [
            {
              "insert": "Amet consectetur adipisicing\\n\\namet consectetur adipisicing\\namet consectetur adipisicing\\namet consectetur adipisicing\\n",
            },
          ],
        },
        "title": "Amet consectetur adipisicing",
      },
      "timestamp": 0,
      "uuid": "81648517-86ff-4ed9-8bf7-941c32dd0fad",
    },
    {
      "content": {
        "body": "amet consectetur adipisicing",
        "delta": {
          "ops": [
            {
              "insert": "Amet consectetur adipisicing\\n\\namet consectetur adipisicing\\namet consectetur adipisicing\\namet consectetur adipisicing\\n",
            },
          ],
        },
        "title": "Amet consectetur adipisicing",
      },
      "timestamp": 0,
      "uuid": "6b24cde1-6118-4277-9791-8eab3c71cabb",
    },
  ],
  "selectedNote": {
    "content": {
      "body": "😬ö",
      "delta": {
        "ops": [
          {
            "insert": "Note with special characters

😬ö
  sss
	
Ketchup
Salt 
Sugar

¯\\_(ツ)_/¯

──────────────────────────────────
──────▄▀▀▄────────────────▄▀▀▄────
─────▐▒▒▒▒▌──────────────▌▒▒▒▒▌───
─────▌▒▒▒▒▐─────────────▐▒▒▒▒▒▐───
────▐▒▒▒▒▒▒▌─▄▄▄▀▀▀▀▄▄▄─▌▒▒▒▒▒▒▌──
───▄▌▒▒▒▒▒▒▒▀▒▒▒▒▒▒▒▒▒▒▀▒▒▒▒▒▒▐───
─▄▀▒▐▒▒▒▒▒▒▒▒▒▒▒▒▒▒▒▒▒▒▒▒▒▒▒▒▒▌───
▐▒▒▒▌▒▒▒▒▒▒▒▒▒▒▒▒▒▒▒▒▒▒▒▒▒▒▒▒▒▐───
▌▒▒▌▒▒▒▒▒▒▒▒▒▒▒▒▒▒▒▒▒▒▒▒▒▒▒▒▒▒▒▌──
▒▒▐▒▒▒▒▒▒▒▒▒▄▀▀▀▀▄▒▒▒▒▒▄▀▀▀▀▄▒▒▐──
▒▒▌▒▒▒▒▒▒▒▒▐▌─▄▄─▐▌▒▒▒▐▌─▄▄─▐▌▒▒▌─
▒▐▒▒▒▒▒▒▒▒▒▐▌▐█▄▌▐▌▒▒▒▐▌▐█▄▌▐▌▒▒▐─
▒▌▒▒▒▒▒▒▒▒▒▐▌─▀▀─▐▌▒▒▒▐▌─▀▀─▐▌▒▒▒▌
▒▌▒▒▒▒▒▒▒▒▒▒▀▄▄▄▄▀▒▒▒▒▒▀▄▄▄▄▀▒▒▒▒▐
▒▌▒▒▒▒▒▒▒▒▒▒▒▒▒▒▒▒▒▄▄▄▒▒▒▒▒▒▒▒▒▒▒▐
▒▌▒▒▒▒▒▒▒▒▒▒▒▒▀▒▀▒▒▒▀▒▒▒▀▒▀▒▒▒▒▒▒▐
▒▌▒▒▒▒▒▒▒▒▒▒▒▒▒▀▒▒▒▄▀▄▒▒▒▀▒▒▒▒▒▒▒▐
▒▐▒▒▒▒▒▒▒▒▒▒▀▄▒▒▒▄▀▒▒▒▀▄▒▒▒▄▀▒▒▒▒▐
▒▓▌▒▒▒▒▒▒▒▒▒▒▒▀▀▀▒▒▒▒▒▒▒▀▀▀▒▒▒▒▒▒▐
▒▓▓▌▒▒▒▒▒▒▒▒▒▒▒▒▒▒▒▒▒▒▒▒▒▒▒▒▒▒▒▒▒▌
▒▒▓▐▒▒▒▒▒▒▒▒▒▒▒▒▒▒▒▒▒▒▒▒▒▒▒▒▒▒▒▒▌─
▒▒▓▓▀▀▄▄▒▒▒▒▒▒▒▒▒▒▒▒▒▒▒▒▒▒▒▒▒▒▒▐──
▒▒▒▓▓▓▓▓▀▀▄▄▒▒▒▒▒▒▒▒▒▒▒▒▒▒▒▄▄▀▀▒▌─
▒▒▒▒▒▓▓▓▓▓▓▓▀▀▀▀▀▀▀▀▀▀▀▀▀▀▀▒▒▒▒▒▐─
▒▒▒▒▒▒▒▒▒▒▒▒▒▒▒▒▒▒▒▒▒▒▒▒▒▒▒▒▒▒▒▒▒▌
▒▒▒▒▒▒▒█▒█▒█▀▒█▀█▒█▒▒▒█▒█▒█▒▒▒▒▒▒▐
▒▒▒▒▒▒▒█▀█▒█▀▒█▄█▒▀█▒█▀▒▀▀█▒▒▒▒▒▒▐
▒▒▒▒▒▒▒▀▒▀▒▀▀▒▀▒▀▒▒▒▀▒▒▒▀▀▀▒▒▒▒▒▒▐
█▀▄▒█▀▄▒█▀▒█▀█▒▀█▀▒█▒█▒█▒█▄▒█▒▄▀▀▐
█▀▄▒█▀▄▒█▀▒█▄█▒▒█▒▒█▀█▒█▒█▀██▒█▒█▐
▀▀▒▒▀▒▀▒▀▀▒▀▒▀▒▒▀▒▒▀▒▀▒▀▒▀▒▒▀▒▒▀▀▐
▒▒▒▒▒▒▒▒▒▒▒▒▒▒▒▒▒▒▒▒▒▒▒▒▒▒▒▒▒▒▒▒▒▐

",
          },
        ],
      },
      "title": "Note with special characters",
    },
    "timestamp": 0,
    "uuid": "7a7bccda-3fac-4465-b9c9-8f67dc1b5bdf",
  },
}
`;

exports[`editNote > Edits notes > openedPopup 1`] = `undefined`;

exports[`editNote > Edits notes > selectedTheme 1`] = `"System"`;

exports[`editNote > Edits notes > syncState 1`] = `
{
  "appError": AppError {
    "code": 0,
    "display": undefined,
    "message": undefined,
    "originalError": undefined,
    "retry": [Function],
    "retryConfig": undefined,
  },
  "encryptedNotesCache": Map {},
  "isLoggedIn": false,
  "loadingCount": 0,
  "newPassword": "",
  "password": "",
  "unsyncedNotes": UnsyncedNotesManager {
    "deleted": [],
    "edited": Set {
      "7a7bccda-3fac-4465-b9c9-8f67dc1b5bdf",
    },
    "new": "",
  },
  "username": "",
}
`;

exports[`editNote > Edits notes > updateState 1`] = `
{
  "isAvailable": false,
  "isDownloading": false,
  "strategy": "manual",
}
`;
